--- START TESTS ---
ᚠ ᛫ ᛟ ᛫ ᚱ ᛫ ᛒ ᛫ ᛟ ᛫ ᚲ
== QUA'DAR NEURAL LINK ==
Stage: TO KNOWLEDGE | Surge Count: 2
Scene #2: ᚲ MYSTERIOUS_PORTAL ᚲ
Arc: CH1 CLIMAX
Accord: 1 focus / 1 banned / 1 assumptions
Focus: decode the return codex relay
Objectives: 2 active / 1 complete
Notes: 7 scenes / 4 NPCs
Party: 1 active / 0 faded / 0 elsewhere | Group: +3
Trade Cache: 36 | Guard: 14 | Mark: none
DIRECTIVE: Keep the social contract visible while you choose threats, fallout, and scene pressure.
--- ACTIVE THREADS ---
1. Find Missing Rangers
2. decode the return codex relay
3. secure the tower shell extraction route
4. track the tower shell recon cell

THREAD UPDATED: Forbidden truth appended to the active focus thread.
NEURAL_TRACKING: Shifting coordinates to south
---
ᚲ MYSTERIOUS_PORTAL ᚲ
A thin alien threshold trembles here.
INTERACTIVE OBJECTS:
  > [?] Veiled Gate
ᚱ ENTRANCES: east
[Threat Tier: 1 | HP: 150/150]
--
INTERACT: You examine the Veiled Gate.
A veiled gate shivering with impossible geometry.
VEILED_GATE: The threshold parts and reveals a path into the alien dark.
PORTAL TRANSIT: ᚲ MYSTERIOUS_PORTAL ᚲ -> ᚲ MYSTERIOUS_PORTAL ᚲ
SPATIAL ANOMALY: The crossing distorts the Surge Count by +2.
---
ᚲ MYSTERIOUS_PORTAL ᚲ
A thin alien threshold shivering with arcane fields and extradimensional static.
INTERACTIVE OBJECTS:
  > [?] Return Gate
ᚱ ENTRANCES: north, south
[Threat Tier: 4 | HP: 150/150]
--
--- SECURED RELICS ---
Trade Cache: 36 | Guard: 14 | Mark: none
 [ᛟ] Basic Dagger
 [ᛟ] Scout Gear
 [ᛟ] Ranger Signal Token
 [ᛟ] Lost Tomes
 [ᛟ] Signal Codex
 [ᛟ] Zinc Plating
----------------------
--- PLAYER PROFILE ---
Name:  Kamenal
Class: Rogue/Ranger
Level: 12
HP:    150 / 150
STR: 5 | AGI: 9 | ARC: 4
Trade: 36 | Guard: 14
Mark: none
Party Dynamics: +3
Spells:
 - Ethereal Dagger Assault
 - Cloak of Shadows
 - Dark Crystal Shielding
 - Hunter's Mark
 - Explosive Barrage
 - Shatterstrike Slam
Upgrades:
 + Zinc Weave Cloak
Companions (Party):
 * Ranger Operative [ACTIVE] [STR:5 AGI:5 ARC:3]
----------------------
--- FIELD NOTES ---
Notes: 7 scenes / 4 NPCs
Focus Thread Card: decode the return codex relay
  Stage: TO KNOWLEDGE
  Scenes: ᚢ UMBRAL_REACH_CORRIDOR ᚢ | ᚲ TOXIC_WASTES ᚲ | ᚲ HAUNTED_CHAPEL ᚲ | ᚲ MILITARY_FACILITY ᚲ | ᚲ MYSTERIOUS_PORTAL ᚲ
  NPCs: Bound Ranger | Ranger Operative
  Facts:
   - A sealed reliquary yielded codices and return sigils in ᚠ MERCHANDISE_STORE_ROOM ᚠ.
   - Framework phase shifted to CLIMAX in chapter 1.
   - Fade Out: ashwalker resistance confirms the spire approach is still contested
   - Replaces Recover the Lost Tomes after scene fallout.
   - LORE: The Spire Bastion was built not to keep enemies out, but to keep the Eldritch Overfiends in.
   - Portal transit carried the scene from ᚲ MYSTERIOUS_PORTAL ᚲ into ᚲ MYSTERIOUS_PORTAL ᚲ.
--- MEETING OF MINDS ---
Accord: 1 focus / 1 banned / 1 assumptions
Focus Themes: survivor rescue and uncanny revelation
Banned Themes: gratuitous cruelty toward rescued rangers
Assumptions: defeats should become costly consequences instead of abrupt death
-------------------------
--- THREAD LEDGER ---
 1. Find Missing Rangers [OPEN] | splits: track the tower shell recon cell | NPCs: iron broker, Bound Ranger, Ranger Operative
 2. decode the return codex relay [OPEN] | replaces: Recover the Lost Tomes | NPCs: Bound Ranger, Ranger Operative
 3. secure the tower shell extraction route [OPEN] | aliases: Purify the Eldritch Altars
 4. track the tower shell recon cell [OPEN] | split from: Find Missing Rangers | NPCs: iron broker, Bound Ranger, Ranger Operative
 - Recover the Lost Tomes [REPLACED] | replaced by: decode the return codex relay | NPCs: Bound Ranger, Ranger Operative
 - Purify the Eldritch Altars [OPEN]
---------------------
Scene Cards:
 * ᚠ MERCHANDISE_STORE_ROOM ᚠ | visits: 1 | stage: TO KNOWLEDGE | arc: CH1 RISING ACTION | focus: Recover the Lost Tomes | npcs: iron broker, Bound Ranger, Ranger Operative
 * ᚢ UMBRAL_REACH_CORRIDOR ᚢ | visits: 1 | stage: TO KNOWLEDGE | arc: CH1 CLIMAX | focus: Recover the Lost Tomes | npcs: Ranger Operative
 * ᚲ TOXIC_WASTES ᚲ | visits: 1 | stage: TO KNOWLEDGE | arc: CH1 CLIMAX | focus: decode the return codex relay | npcs: Ranger Operative
 * ᚲ HAUNTED_CHAPEL ᚲ | visits: 1 | stage: TO KNOWLEDGE | arc: CH1 CLIMAX | focus: decode the return codex relay | npcs: Ranger Operative
 * ᚲ MILITARY_FACILITY ᚲ | visits: 1 | stage: TO KNOWLEDGE | arc: CH1 CLIMAX | focus: decode the return codex relay | npcs: Ranger Operative
 * ᚲ MYSTERIOUS_PORTAL ᚲ | visits: 1 | stage: TO KNOWLEDGE | arc: CH1 CLIMAX | focus: decode the return codex relay | npcs: Ranger Operative
 * ᚲ MYSTERIOUS_PORTAL ᚲ | visits: 1 | stage: TO KNOWLEDGE | arc: CH1 CLIMAX | focus: decode the return codex relay | npcs: Ranger Operative
Known NPCs:
 * iron broker | scenes: ᚠ MERCHANDISE_STORE_ROOM ᚠ
 * Bound Ranger | scenes: ᚠ MERCHANDISE_STORE_ROOM ᚠ
 * Ranger Operative | scenes: ᚠ MERCHANDISE_STORE_ROOM ᚠ, ᚢ UMBRAL_REACH_CORRIDOR ᚢ, ᚲ TOXIC_WASTES ᚲ, ᚲ HAUNTED_CHAPEL ᚲ, ᚲ MILITARY_FACILITY ᚲ, ᚲ MYSTERIOUS_PORTAL ᚲ
 * Ashwalker | scenes: ᚢ UMBRAL_REACH_CORRIDOR ᚢ
-------------------
--- MEETING OF MINDS ---
Accord: 1 focus / 1 banned / 1 assumptions
Focus Themes: survivor rescue and uncanny revelation
Banned Themes: gratuitous cruelty toward rescued rangers
Assumptions: defeats should become costly consequences instead of abrupt death
-------------------------

ᚠ ᛫ ᛟ ᛫ ᚱ ᛫ ᛒ ᛫ ᛟ ᛫ ᚲ
== QUA'DAR NEURAL LINK ==
Stage: TO KNOWLEDGE | Surge Count: 2
Scene #2: ᚲ MYSTERIOUS_PORTAL ᚲ
Arc: CH1 CLIMAX
Accord: 1 focus / 1 banned / 1 assumptions
Focus: decode the return codex relay
Objectives: 2 active / 1 complete
Notes: 7 scenes / 4 NPCs
Party: 1 active / 0 faded / 0 elsewhere | Group: +3
Trade Cache: 36 | Guard: 14 | Mark: none
DIRECTIVE: Keep only the right companions in the main scene; fade or send the rest elsewhere.
--- ACTIVE THREADS ---
1. Find Missing Rangers
2. decode the return codex relay
3. secure the tower shell extraction route
4. track the tower shell recon cell

A distorted projection.
HIDDEN LORE DISCOVERED: The Spire Bastion was built not to keep enemies out, but to keep the Eldritch Overfiends in.
THREAD UPDATED: Forbidden truth appended to the active focus thread.
NEURAL_TRACKING: Shifting coordinates to south
---
ᚲ MYSTERIOUS_PORTAL ᚲ
A thin alien threshold trembles here.
INTERACTIVE OBJECTS:
  > [?] Veiled Gate
ᚱ ENTRANCES: east
[Threat Tier: 1 | HP: 150/150]
--
INTERACT: You examine the Veiled Gate.
A veiled gate shivering with impossible geometry.
VEILED_GATE: The threshold parts and reveals a path into the alien dark.
PORTAL TRANSIT: ᚲ MYSTERIOUS_PORTAL ᚲ -> ᚲ MYSTERIOUS_PORTAL ᚲ
SPATIAL ANOMALY: The crossing distorts the Surge Count by +2.
---
ᚲ MYSTERIOUS_PORTAL ᚲ
A thin alien threshold shivering with arcane fields and extradimensional static.
INTERACTIVE OBJECTS:
  > [?] Return Gate
ᚱ ENTRANCES: north, south
[Threat Tier: 4 | HP: 150/150]
--
--- SECURED RELICS ---
Trade Cache: 36 | Guard: 14 | Mark: none
 [ᛟ] Basic Dagger
 [ᛟ] Scout Gear
 [ᛟ] Ranger Signal Token
 [ᛟ] Lost Tomes
 [ᛟ] Signal Codex
 [ᛟ] Zinc Plating
----------------------
--- PLAYER PROFILE ---
Name:  Kamenal
Class: Rogue/Ranger
Level: 12
HP:    150 / 150
STR: 5 | AGI: 9 | ARC: 4
Trade: 36 | Guard: 14
Mark: none
Party Dynamics: +3
Spells:
 - Ethereal Dagger Assault
 - Cloak of Shadows
 - Dark Crystal Shielding
 - Hunter's Mark
 - Explosive Barrage
 - Shatterstrike Slam
Upgrades:
 + Zinc Weave Cloak
Companions (Party):
 * Ranger Operative [ACTIVE] [STR:5 AGI:5 ARC:3]
----------------------
--- FIELD NOTES ---
Notes: 7 scenes / 4 NPCs
Focus Thread Card: decode the return codex relay
  Stage: TO KNOWLEDGE
  Scenes: ᚢ UMBRAL_REACH_CORRIDOR ᚢ | ᚲ TOXIC_WASTES ᚲ | ᚲ HAUNTED_CHAPEL ᚲ | ᚲ MILITARY_FACILITY ᚲ | ᚲ MYSTERIOUS_PORTAL ᚲ
  NPCs: Bound Ranger | Ranger Operative
  Facts:
   - A sealed reliquary yielded codices and return sigils in ᚠ MERCHANDISE_STORE_ROOM ᚠ.
   - Framework phase shifted to CLIMAX in chapter 1.
   - Fade Out: ashwalker resistance confirms the spire approach is still contested
   - Replaces Recover the Lost Tomes after scene fallout.
   - LORE: The Spire Bastion was built not to keep enemies out, but to keep the Eldritch Overfiends in.
   - Portal transit carried the scene from ᚲ MYSTERIOUS_PORTAL ᚲ into ᚲ MYSTERIOUS_PORTAL ᚲ.
--- MEETING OF MINDS ---
Accord: 1 focus / 1 banned / 1 assumptions
Focus Themes: survivor rescue and uncanny revelation
Banned Themes: gratuitous cruelty toward rescued rangers
Assumptions: defeats should become costly consequences instead of abrupt death
-------------------------
--- THREAD LEDGER ---
 1. Find Missing Rangers [OPEN] | splits: track the tower shell recon cell | NPCs: iron broker, Bound Ranger, Ranger Operative
 2. decode the return codex relay [OPEN] | replaces: Recover the Lost Tomes | NPCs: Bound Ranger, Ranger Operative
 3. secure the tower shell extraction route [OPEN] | aliases: Purify the Eldritch Altars
 4. track the tower shell recon cell [OPEN] | split from: Find Missing Rangers | NPCs: iron broker, Bound Ranger, Ranger Operative
 - Recover the Lost Tomes [REPLACED] | replaced by: decode the return codex relay | NPCs: Bound Ranger, Ranger Operative
 - Purify the Eldritch Altars [OPEN]
---------------------
Scene Cards:
 * ᚠ MERCHANDISE_STORE_ROOM ᚠ | visits: 1 | stage: TO KNOWLEDGE | arc: CH1 RISING ACTION | focus: Recover the Lost Tomes | npcs: iron broker, Bound Ranger, Ranger Operative
 * ᚢ UMBRAL_REACH_CORRIDOR ᚢ | visits: 1 | stage: TO KNOWLEDGE | arc: CH1 CLIMAX | focus: Recover the Lost Tomes | npcs: Ranger Operative
 * ᚲ TOXIC_WASTES ᚲ | visits: 1 | stage: TO KNOWLEDGE | arc: CH1 CLIMAX | focus: decode the return codex relay | npcs: Ranger Operative
 * ᚲ HAUNTED_CHAPEL ᚲ | visits: 1 | stage: TO KNOWLEDGE | arc: CH1 CLIMAX | focus: decode the return codex relay | npcs: Ranger Operative
 * ᚲ MILITARY_FACILITY ᚲ | visits: 1 | stage: TO KNOWLEDGE | arc: CH1 CLIMAX | focus: decode the return codex relay | npcs: Ranger Operative
 * ᚲ MYSTERIOUS_PORTAL ᚲ | visits: 1 | stage: TO KNOWLEDGE | arc: CH1 CLIMAX | focus: decode the return codex relay | npcs: Ranger Operative
 * ᚲ MYSTERIOUS_PORTAL ᚲ | visits: 1 | stage: TO KNOWLEDGE | arc: CH1 CLIMAX | focus: decode the return codex relay | npcs: Ranger Operative
Known NPCs:
 * iron broker | scenes: ᚠ MERCHANDISE_STORE_ROOM ᚠ
 * Bound Ranger | scenes: ᚠ MERCHANDISE_STORE_ROOM ᚠ
 * Ranger Operative | scenes: ᚠ MERCHANDISE_STORE_ROOM ᚠ, ᚢ UMBRAL_REACH_CORRIDOR ᚢ, ᚲ TOXIC_WASTES ᚲ, ᚲ HAUNTED_CHAPEL ᚲ, ᚲ MILITARY_FACILITY ᚲ, ᚲ MYSTERIOUS_PORTAL ᚲ
 * Ashwalker | scenes: ᚢ UMBRAL_REACH_CORRIDOR ᚢ
-------------------
--- PARTY TACTICS ---
Party: 1 active / 0 faded / 0 elsewhere | Group: +3
 * Ranger Operative [ACTIVE] | present in the main scene
---------------------

ᚠ ᛫ ᛟ ᛫ ᚱ ᛫ ᛒ ᛫ ᛟ ᛫ ᚲ
== QUA'DAR NEURAL LINK ==
Stage: TO KNOWLEDGE | Surge Count: 2
Scene #2: ᚲ MYSTERIOUS_PORTAL ᚲ
Arc: CH1 CLIMAX
Accord: 1 focus / 1 banned / 1 assumptions
Focus: decode the return codex relay
Objectives: 2 active / 1 complete
Notes: 7 scenes / 4 NPCs
Party: 1 active / 0 faded / 0 elsewhere | Group: +3
Trade Cache: 36 | Guard: 14 | Mark: none
DIRECTIVE: Keep the vignette hook in mind while you frame the next scene.
--- ACTIVE THREADS ---
1. Find Missing Rangers
2. decode the return codex relay
3. secure the tower shell extraction route
4. track the tower shell recon cell

ᚲ MYSTERIOUS_PORTAL ᚲ
A thin alien threshold trembles here.
INTERACTIVE OBJECTS:
  > [?] Veiled Gate
ᚱ ENTRANCES: east
[Threat Tier: 1 | HP: 150/150]
--
INTERACT: You examine the Veiled Gate.
A veiled gate shivering with impossible geometry.
VEILED_GATE: The threshold parts and reveals a path into the alien dark.
PORTAL TRANSIT: ᚲ MYSTERIOUS_PORTAL ᚲ -> ᚲ MYSTERIOUS_PORTAL ᚲ
SPATIAL ANOMALY: The crossing distorts the Surge Count by +2.
---
ᚲ MYSTERIOUS_PORTAL ᚲ
A thin alien threshold shivering with arcane fields and extradimensional static.
INTERACTIVE OBJECTS:
  > [?] Return Gate
ᚱ ENTRANCES: north, south
[Threat Tier: 4 | HP: 150/150]
--
--- SECURED RELICS ---
Trade Cache: 36 | Guard: 14 | Mark: none
 [ᛟ] Basic Dagger
 [ᛟ] Scout Gear
 [ᛟ] Ranger Signal Token
 [ᛟ] Lost Tomes
 [ᛟ] Signal Codex
 [ᛟ] Zinc Plating
----------------------
--- PLAYER PROFILE ---
Name:  Kamenal
Class: Rogue/Ranger
Level: 12
HP:    150 / 150
STR: 5 | AGI: 9 | ARC: 4
Trade: 36 | Guard: 14
Mark: none
Party Dynamics: +3
Spells:
 - Ethereal Dagger Assault
 - Cloak of Shadows
 - Dark Crystal Shielding
 - Hunter's Mark
 - Explosive Barrage
 - Shatterstrike Slam
Upgrades:
 + Zinc Weave Cloak
Companions (Party):
 * Ranger Operative [ACTIVE] [STR:5 AGI:5 ARC:3]
----------------------
--- FIELD NOTES ---
Notes: 7 scenes / 4 NPCs
Focus Thread Card: decode the return codex relay
  Stage: TO KNOWLEDGE
  Scenes: ᚢ UMBRAL_REACH_CORRIDOR ᚢ | ᚲ TOXIC_WASTES ᚲ | ᚲ HAUNTED_CHAPEL ᚲ | ᚲ MILITARY_FACILITY ᚲ | ᚲ MYSTERIOUS_PORTAL ᚲ
  NPCs: Bound Ranger | Ranger Operative
  Facts:
   - A sealed reliquary yielded codices and return sigils in ᚠ MERCHANDISE_STORE_ROOM ᚠ.
   - Framework phase shifted to CLIMAX in chapter 1.
   - Fade Out: ashwalker resistance confirms the spire approach is still contested
   - Replaces Recover the Lost Tomes after scene fallout.
   - LORE: The Spire Bastion was built not to keep enemies out, but to keep the Eldritch Overfiends in.
   - Portal transit carried the scene from ᚲ MYSTERIOUS_PORTAL ᚲ into ᚲ MYSTERIOUS_PORTAL ᚲ.
--- MEETING OF MINDS ---
Accord: 1 focus / 1 banned / 1 assumptions
Focus Themes: survivor rescue and uncanny revelation
Banned Themes: gratuitous cruelty toward rescued rangers
Assumptions: defeats should become costly consequences instead of abrupt death
-------------------------
--- THREAD LEDGER ---
 1. Find Missing Rangers [OPEN] | splits: track the tower shell recon cell | NPCs: iron broker, Bound Ranger, Ranger Operative
 2. decode the return codex relay [OPEN] | replaces: Recover the Lost Tomes | NPCs: Bound Ranger, Ranger Operative
 3. secure the tower shell extraction route [OPEN] | aliases: Purify the Eldritch Altars
 4. track the tower shell recon cell [OPEN] | split from: Find Missing Rangers | NPCs: iron broker, Bound Ranger, Ranger Operative
 - Recover the Lost Tomes [REPLACED] | replaced by: decode the return codex relay | NPCs: Bound Ranger, Ranger Operative
 - Purify the Eldritch Altars [OPEN]
---------------------
Scene Cards:
 * ᚠ MERCHANDISE_STORE_ROOM ᚠ | visits: 1 | stage: TO KNOWLEDGE | arc: CH1 RISING ACTION | focus: Recover the Lost Tomes | npcs: iron broker, Bound Ranger, Ranger Operative
 * ᚢ UMBRAL_REACH_CORRIDOR ᚢ | visits: 1 | stage: TO KNOWLEDGE | arc: CH1 CLIMAX | focus: Recover the Lost Tomes | npcs: Ranger Operative
 * ᚲ TOXIC_WASTES ᚲ | visits: 1 | stage: TO KNOWLEDGE | arc: CH1 CLIMAX | focus: decode the return codex relay | npcs: Ranger Operative
 * ᚲ HAUNTED_CHAPEL ᚲ | visits: 1 | stage: TO KNOWLEDGE | arc: CH1 CLIMAX | focus: decode the return codex relay | npcs: Ranger Operative
 * ᚲ MILITARY_FACILITY ᚲ | visits: 1 | stage: TO KNOWLEDGE | arc: CH1 CLIMAX | focus: decode the return codex relay | npcs: Ranger Operative
 * ᚲ MYSTERIOUS_PORTAL ᚲ | visits: 1 | stage: TO KNOWLEDGE | arc: CH1 CLIMAX | focus: decode the return codex relay | npcs: Ranger Operative
 * ᚲ MYSTERIOUS_PORTAL ᚲ | visits: 1 | stage: TO KNOWLEDGE | arc: CH1 CLIMAX | focus: decode the return codex relay | npcs: Ranger Operative
Known NPCs:
 * iron broker | scenes: ᚠ MERCHANDISE_STORE_ROOM ᚠ
 * Bound Ranger | scenes: ᚠ MERCHANDISE_STORE_ROOM ᚠ
 * Ranger Operative | scenes: ᚠ MERCHANDISE_STORE_ROOM ᚠ, ᚢ UMBRAL_REACH_CORRIDOR ᚢ, ᚲ TOXIC_WASTES ᚲ, ᚲ HAUNTED_CHAPEL ᚲ, ᚲ MILITARY_FACILITY ᚲ, ᚲ MYSTERIOUS_PORTAL ᚲ
 * Ashwalker | scenes: ᚢ UMBRAL_REACH_CORRIDOR ᚢ
-------------------
--- VIGNETTE FRAMEWORK ---
Framework: Vignette
Chapter: 1
Phase: CLIMAX
Theme: learn why the tower is hollowing out recruits
Hook: meet the architect behind the disappearances
Focus: decode the return codex relay
Guidance: Push the decisive thread toward confrontation, closure, or revelation.
---------------------------

ᚠ ᛫ ᛟ ᛫ ᚱ ᛫ ᛒ ᛫ ᛟ ᛫ ᚲ
== QUA'DAR NEURAL LINK ==
Stage: TO KNOWLEDGE | Surge Count: 2
Scene #2: ᚲ MYSTERIOUS_PORTAL ᚲ
Arc: CH1 CLIMAX
Accord: 1 focus / 1 banned / 1 assumptions
Focus: decode the return codex relay
Objectives: 2 active / 1 complete
Notes: 7 scenes / 4 NPCs
Party: 1 active / 0 faded / 0 elsewhere | Group: +3
Trade Cache: 36 | Guard: 14 | Mark: none
DIRECTIVE: Notecards synchronized. Use these facts to steer the next scene.
--- ACTIVE THREADS ---
1. Find Missing Rangers
2. decode the return codex relay
3. secure the tower shell extraction route
4. track the tower shell recon cell

ᚱ ENTRANCES: north
[Threat Tier: 1 | HP: 150/150]
--
INTERACT: You examine the Holographic Terminal.
A distorted projection.
HIDDEN LORE DISCOVERED: The Spire Bastion was built not to keep enemies out, but to keep the Eldritch Overfiends in.
THREAD UPDATED: Forbidden truth appended to the active focus thread.
NEURAL_TRACKING: Shifting coordinates to south
---
ᚲ MYSTERIOUS_PORTAL ᚲ
A thin alien threshold trembles here.
INTERACTIVE OBJECTS:
  > [?] Veiled Gate
ᚱ ENTRANCES: east
[Threat Tier: 1 | HP: 150/150]
--
INTERACT: You examine the Veiled Gate.
A veiled gate shivering with impossible geometry.
VEILED_GATE: The threshold parts and reveals a path into the alien dark.
PORTAL TRANSIT: ᚲ MYSTERIOUS_PORTAL ᚲ -> ᚲ MYSTERIOUS_PORTAL ᚲ
SPATIAL ANOMALY: The crossing distorts the Surge Count by +2.
---
ᚲ MYSTERIOUS_PORTAL ᚲ
A thin alien threshold shivering with arcane fields and extradimensional static.
INTERACTIVE OBJECTS:
  > [?] Return Gate
ᚱ ENTRANCES: north, south
[Threat Tier: 4 | HP: 150/150]
--
--- SECURED RELICS ---
Trade Cache: 36 | Guard: 14 | Mark: none
 [ᛟ] Basic Dagger
 [ᛟ] Scout Gear
 [ᛟ] Ranger Signal Token
 [ᛟ] Lost Tomes
 [ᛟ] Signal Codex
 [ᛟ] Zinc Plating
----------------------
--- PLAYER PROFILE ---
Name:  Kamenal
Class: Rogue/Ranger
Level: 12
HP:    150 / 150
STR: 5 | AGI: 9 | ARC: 4
Trade: 36 | Guard: 14
Mark: none
Party Dynamics: +3
Spells:
 - Ethereal Dagger Assault
 - Cloak of Shadows
 - Dark Crystal Shielding
 - Hunter's Mark
 - Explosive Barrage
 - Shatterstrike Slam
Upgrades:
 + Zinc Weave Cloak
Companions (Party):
 * Ranger Operative [ACTIVE] [STR:5 AGI:5 ARC:3]
----------------------
--- FIELD NOTES ---
Notes: 7 scenes / 4 NPCs
Focus Thread Card: decode the return codex relay
  Stage: TO KNOWLEDGE
  Scenes: ᚢ UMBRAL_REACH_CORRIDOR ᚢ | ᚲ TOXIC_WASTES ᚲ | ᚲ HAUNTED_CHAPEL ᚲ | ᚲ MILITARY_FACILITY ᚲ | ᚲ MYSTERIOUS_PORTAL ᚲ
  NPCs: Bound Ranger | Ranger Operative
  Facts:
   - A sealed reliquary yielded codices and return sigils in ᚠ MERCHANDISE_STORE_ROOM ᚠ.
   - Framework phase shifted to CLIMAX in chapter 1.
   - Fade Out: ashwalker resistance confirms the spire approach is still contested
   - Replaces Recover the Lost Tomes after scene fallout.
   - LORE: The Spire Bastion was built not to keep enemies out, but to keep the Eldritch Overfiends in.
   - Portal transit carried the scene from ᚲ MYSTERIOUS_PORTAL ᚲ into ᚲ MYSTERIOUS_PORTAL ᚲ.
--- MEETING OF MINDS ---
Accord: 1 focus / 1 banned / 1 assumptions
Focus Themes: survivor rescue and uncanny revelation
Banned Themes: gratuitous cruelty toward rescued rangers
Assumptions: defeats should become costly consequences instead of abrupt death
-------------------------
--- THREAD LEDGER ---
 1. Find Missing Rangers [OPEN] | splits: track the tower shell recon cell | NPCs: iron broker, Bound Ranger, Ranger Operative
 2. decode the return codex relay [OPEN] | replaces: Recover the Lost Tomes | NPCs: Bound Ranger, Ranger Operative
 3. secure the tower shell extraction route [OPEN] | aliases: Purify the Eldritch Altars
 4. track the tower shell recon cell [OPEN] | split from: Find Missing Rangers | NPCs: iron broker, Bound Ranger, Ranger Operative
 - Recover the Lost Tomes [REPLACED] | replaced by: decode the return codex relay | NPCs: Bound Ranger, Ranger Operative
 - Purify the Eldritch Altars [OPEN]
---------------------
Scene Cards:
 * ᚠ MERCHANDISE_STORE_ROOM ᚠ | visits: 1 | stage: TO KNOWLEDGE | arc: CH1 RISING ACTION | focus: Recover the Lost Tomes | npcs: iron broker, Bound Ranger, Ranger Operative
 * ᚢ UMBRAL_REACH_CORRIDOR ᚢ | visits: 1 | stage: TO KNOWLEDGE | arc: CH1 CLIMAX | focus: Recover the Lost Tomes | npcs: Ranger Operative
 * ᚲ TOXIC_WASTES ᚲ | visits: 1 | stage: TO KNOWLEDGE | arc: CH1 CLIMAX | focus: decode the return codex relay | npcs: Ranger Operative
 * ᚲ HAUNTED_CHAPEL ᚲ | visits: 1 | stage: TO KNOWLEDGE | arc: CH1 CLIMAX | focus: decode the return codex relay | npcs: Ranger Operative
 * ᚲ MILITARY_FACILITY ᚲ | visits: 1 | stage: TO KNOWLEDGE | arc: CH1 CLIMAX | focus: decode the return codex relay | npcs: Ranger Operative
 * ᚲ MYSTERIOUS_PORTAL ᚲ | visits: 1 | stage: TO KNOWLEDGE | arc: CH1 CLIMAX | focus: decode the return codex relay | npcs: Ranger Operative
 * ᚲ MYSTERIOUS_PORTAL ᚲ | visits: 1 | stage: TO KNOWLEDGE | arc: CH1 CLIMAX | focus: decode the return codex relay | npcs: Ranger Operative
Known NPCs:
 * iron broker | scenes: ᚠ MERCHANDISE_STORE_ROOM ᚠ
 * Bound Ranger | scenes: ᚠ MERCHANDISE_STORE_ROOM ᚠ
 * Ranger Operative | scenes: ᚠ MERCHANDISE_STORE_ROOM ᚠ, ᚢ UMBRAL_REACH_CORRIDOR ᚢ, ᚲ TOXIC_WASTES ᚲ, ᚲ HAUNTED_CHAPEL ᚲ, ᚲ MILITARY_FACILITY ᚲ, ᚲ MYSTERIOUS_PORTAL ᚲ
 * Ashwalker | scenes: ᚢ UMBRAL_REACH_CORRIDOR ᚢ
-------------------
--- CLIMAX OK ---
ENEMY SIGNATURE: Dark Crystal Shielding -- Crystalline poison shards lash out from the obsidian form.
